<?xml version="1.0" encoding="UTF-8"?>
<testsuites name="jest tests" tests="1" failures="0" time="3.275">
  <testsuite name="undefined" errors="0" failures="0" skipped="0" timestamp="2021-08-18T12:04:48" time="1.023" tests="1">
    <testcase classname=" renders without crashing" name=" renders without crashing" time="0.061">
    </testcase>
  </testsuite>
</testsuites>